note: <unknown file>:0:0 loop-stripmine (other): Parallel loop does not appear profitable to parallelize.

